// Jest Snapshot v1, https://goo.gl/fbAQLP

exports[`Shared Error 에러 컴포넌트가 렌더링된다 1`] = `
<div
  className="css-13baf4u"
>
  <div
    className="css-qtzfs0"
  />
  <div
    className="css-1tfh94b"
  >
    <h2>
      test
    </h2>
  </div>
</div>
`;
